// Jest Snapshot v1, https://goo.gl/fbAQLP

exports[`matches snapshot in dark mode 1`] = `
<div
  class="rounded-2xl p-4  "
>
  <div
    aria-label="Task card for Monstera"
    class="relative flex items-center gap-3 px-4 py-3 rounded-xl overflow-hidden shadow-sm hover:shadow-md transition-transform duration-150 active:scale-[0.98] focus:outline-none focus-visible:ring-2 focus-visible:ring-offset-2 focus-visible:ring-green-500 bg-white dark:bg-gray-700 ring-1 ring-gray-100 ring-green-300 dark:ring-green-400"
    data-testid="task-card"
    style="transform: translateX(0px); transition: transform 0.2s;"
    tabindex="0"
  >
    <a
      class="flex items-center flex-1 gap-3"
      href="/plant/1"
    >
      <img
        alt="Monstera"
        class="w-12 h-12 rounded-lg object-cover"
        src="https://images.pexels.com/photos/5699660/pexels-photo-5699660.jpeg"
      />
      <div
        class="flex-1 min-w-0"
      >
        <div
          class="flex items-center justify-between gap-2"
        >
          <p
            class="font-medium text-gray-900 dark:text-gray-100 truncate"
          >
            Monstera
          </p>
          <svg
            aria-hidden="true"
            class="w-5 h-5 text-gray-500 dark:text-gray-400 shrink-0"
            fill="currentColor"
            height="1em"
            viewBox="0 0 256 256"
            width="1em"
            xmlns="http://www.w3.org/2000/svg"
          >
            <rect
              fill="none"
              height="256"
              width="256"
            />
            <path
              d="M208,144c0-72-80-128-80-128S48,72,48,144a80,80,0,0,0,160,0Z"
              fill="none"
              stroke="currentColor"
              stroke-linecap="round"
              stroke-linejoin="round"
              stroke-width="16"
            />
            <path
              d="M136.1,191.2a47.9,47.9,0,0,0,39.2-39.1"
              fill="none"
              stroke="currentColor"
              stroke-linecap="round"
              stroke-linejoin="round"
              stroke-width="16"
            />
          </svg>
        </div>
        <p
          class="text-sm flex flex-wrap items-center gap-1 text-gray-500"
        >
          <span
            class="inline-flex items-center gap-1 px-2 py-0.5 rounded-full text-sm font-medium bg-water-100 text-water-800"
          >
            To Water
          </span>
          <span
            class="text-sm text-gray-500"
          >
            · 
            9
             
            days
             since care
          </span>
        </p>
      </div>
    </a>
    <button
      aria-label="Mark complete"
      class="ml-auto relative focus:outline-none focus-visible:ring-2 focus-visible:ring-offset-2 focus-visible:ring-healthy-500"
      type="button"
    >
      <input
        class="sr-only task-checkbox"
        readonly=""
        type="checkbox"
      />
      <svg
        aria-hidden="true"
        class="w-6 h-6 text-gray-400"
        fill="currentColor"
        height="1em"
        viewBox="0 0 256 256"
        width="1em"
        xmlns="http://www.w3.org/2000/svg"
      >
        <rect
          fill="none"
          height="256"
          width="256"
        />
        <polyline
          fill="none"
          points="172 104 113.3 160 84 132"
          stroke="currentColor"
          stroke-linecap="round"
          stroke-linejoin="round"
          stroke-width="16"
        />
        <circle
          cx="128"
          cy="128"
          fill="none"
          r="96"
          stroke="currentColor"
          stroke-linecap="round"
          stroke-linejoin="round"
          stroke-width="16"
        />
      </svg>
    </button>
    <div
      class="mt-2"
    >
      <span
        aria-label="Evapotranspiration (ET₀): N/A mm | Last watered 9 days ago"
        class="px-2 py-0.5 text-sm rounded-full bg-gray-200 dark:bg-gray-600 text-gray-800 dark:text-gray-100 opacity-70"
        title="Evapotranspiration (ET₀) is water lost from soil and plants"
      >
        Evapotranspiration (ET₀): 
        —
         mm | Last watered 
        9
         days ago
      </span>
    </div>
  </div>
</div>
`;
